// Jest Snapshot v1, https://goo.gl/fbAQLP

exports[`should render ExpenseListItem 1`] = `
<div>
  <Link
    replace={false}
    to="/edit/1"
  >
    <h1>
      Gum
    </h1>
  </Link>
  <p>
    $1.95
    -
    December 31st, 1969
  </p>
</div>
`;
